       Fresh unicode-ident v1.0.24
       Fresh pin-project-lite v0.2.16
       Fresh bytes v1.11.1
       Fresh proc-macro2 v1.0.106
       Fresh version_check v0.9.5
       Fresh quote v1.0.44
       Fresh libc v0.2.182
       Fresh futures-core v0.3.32
       Fresh shlex v1.3.0
       Fresh syn v2.0.116
       Fresh getrandom v0.2.17
       Fresh jobserver v0.1.34
       Fresh typenum v1.19.0
       Fresh find-msvc-tools v0.1.9
       Fresh once_cell v1.21.3
       Fresh rand_core v0.6.4
       Fresh serde_derive v1.0.228
       Fresh generic-array v0.14.7
       Fresh cc v1.2.56
       Fresh zeroize_derive v1.4.3
       Fresh errno v0.3.14
       Fresh itoa v1.0.17
       Fresh zeroize v1.8.2
       Fresh subtle v2.6.1
       Fresh crypto-common v0.1.7
       Fresh socket2 v0.6.2
       Fresh signal-hook-registry v1.4.8
       Fresh tokio-macros v2.6.0
       Fresh mio v1.1.1
       Fresh futures-sink v0.3.32
       Fresh synstructure v0.13.2
       Fresh http v1.4.0
       Fresh base64 v0.22.1
       Fresh smallvec v1.15.1
       Fresh zerocopy v0.8.39
       Fresh tokio v1.49.0
       Fresh zerofrom-derive v0.1.6
       Fresh yoke-derive v0.8.1
       Fresh percent-encoding v2.3.2
       Fresh stable_deref_trait v1.2.1
       Fresh block-buffer v0.10.4
       Fresh thiserror-impl v2.0.18
       Fresh ppv-lite86 v0.2.21
       Fresh zerofrom v0.1.6
       Fresh slab v0.4.12
       Fresh digest v0.10.7
       Fresh futures-channel v0.3.32
       Fresh zerovec-derive v0.11.2
       Fresh tracing-attributes v0.1.31
       Fresh tracing-core v0.1.36
       Fresh yoke v0.8.1
       Fresh tracing v0.1.44
       Fresh futures-macro v0.3.32
       Fresh displaydoc v0.2.5
       Fresh futures-io v0.3.32
       Fresh futures-task v0.3.32
       Fresh zerovec v0.11.5
       Fresh futures-util v0.3.32
       Fresh tokio-util v0.7.18
       Fresh writeable v0.6.2
       Fresh litemap v0.8.1
       Fresh getrandom v0.3.4
       Fresh tinystr v0.8.2
       Fresh potential_utf v0.1.4
       Fresh zerotrie v0.2.3
       Fresh cpufeatures v0.2.17
       Fresh rand_core v0.9.5
       Fresh icu_locale_core v2.1.1
       Fresh serde_core v1.0.228
       Fresh icu_collections v2.1.1
       Fresh cmake v0.1.57
       Fresh icu_provider v2.1.1
       Fresh fs_extra v1.3.0
       Fresh dunce v1.0.5
       Fresh icu_normalizer_data v2.1.1
       Fresh form_urlencoded v1.2.2
       Fresh icu_properties_data v2.1.2
       Fresh log v0.4.29
       Fresh autocfg v1.5.0
       Fresh icu_normalizer v2.1.1
       Fresh zmij v1.0.21
       Fresh icu_properties v2.1.2
       Fresh toml_datetime v0.7.5+spec-1.1.0
       Fresh rand_chacha v0.9.0
       Fresh idna_adapter v1.2.1
       Fresh serde_json v1.0.149
       Fresh http-body v1.0.1
       Fresh hashbrown v0.16.1
       Fresh ryu v1.0.23
       Fresh utf8_iter v1.0.4
       Fresh equivalent v1.0.2
       Fresh num-traits v0.2.19
       Fresh rand v0.9.2
       Fresh idna v1.1.0
       Fresh indexmap v2.13.0
       Fresh rand_chacha v0.3.1
       Fresh rustls-pki-types v1.14.0
       Fresh tower-service v0.3.3
       Fresh httparse v1.10.1
       Fresh rand v0.8.5
       Fresh url v2.5.8
       Fresh toml_edit v0.23.10+spec-1.0.0
       Fresh aws-lc-sys v0.37.1
       Fresh aho-corasick v1.1.4
       Fresh untrusted v0.9.0
       Fresh regex-syntax v0.8.9
       Fresh aws-lc-rs v1.15.4
       Fresh proc-macro-crate v3.4.0
       Fresh regex-automata v0.4.14
       Fresh ring v0.17.14
       Fresh block-padding v0.3.3
       Fresh sync_wrapper v1.0.2
       Fresh tower-layer v0.3.3
       Fresh typewit_proc_macros v1.8.1
       Fresh getrandom v0.4.1
       Fresh inout v0.1.4
       Fresh rustls-webpki v0.103.9
       Fresh typewit v1.14.2
       Fresh http-body-util v0.1.3
       Fresh sha2 v0.10.9
       Fresh hmac v0.12.1
       Fresh bitflags v2.11.0
       Fresh fnv v1.0.7
       Fresh rustls v0.23.36
       Fresh thiserror v2.0.18
       Fresh cipher v0.4.4
       Fresh async-trait v0.1.89
       Fresh android_system_properties v0.1.5
       Fresh try-lock v0.2.5
       Fresh atomic-waker v1.1.2
       Fresh powerfmt v0.2.0
       Fresh httpdate v1.0.3
       Fresh adler2 v2.0.1
       Fresh semver v1.0.27
       Fresh pin-utils v0.1.0
       Fresh simd-adler32 v0.3.8
       Fresh h2 v0.4.13
       Fresh deranged v0.5.6
       Fresh want v0.3.1
       Fresh miniz_oxide v0.8.9
       Fresh rustc_version v0.4.1
       Fresh serde v1.0.228
       Fresh crc32fast v1.5.0
       Fresh iana-time-zone v0.1.65
       Fresh toml v0.9.12+spec-1.1.0
       Fresh const_panic v0.2.15
       Fresh konst_kernel v0.3.15
       Fresh regex v1.12.3
       Fresh webpki-roots v1.0.6
       Fresh js_int v0.2.2
       Fresh cfg-if v1.0.4
       Fresh tinyvec_macros v0.1.1
       Fresh time-core v0.1.8
       Fresh byteorder v1.5.0
       Fresh mime v0.3.17
       Fresh num-conv v0.2.0
       Fresh ruma-identifiers-validation v0.12.0
       Fresh konst v0.3.16
       Fresh time v0.3.47
       Fresh ruma-macros v0.17.1
       Fresh tinyvec v1.10.0
       Fresh flate2 v1.1.9
       Fresh chrono v0.4.43
       Fresh hyper v1.8.1
       Fresh crossbeam-utils v0.8.21
       Fresh uuid v1.21.0
       Fresh serde_html_form v0.2.8
       Fresh proc-macro-error-attr2 v2.0.0
       Fresh ipnet v2.11.0
       Fresh as_variant v1.3.0
       Fresh wildmatch v2.6.1
       Fresh memchr v2.8.0
       Fresh web-time v1.1.0
       Fresh compression-core v0.4.31
       Fresh hyper-util v0.1.20
       Fresh concurrent-queue v2.5.0
       Fresh proc-macro-error2 v2.0.1
       Fresh ruma-common v0.17.1
       Fresh compression-codecs v0.4.36
       Fresh object v0.37.3
       Fresh unicode-normalization v0.1.25
       Fresh tokio-rustls v0.26.4
       Fresh tower v0.5.3
       Fresh tokio-stream v0.1.18
       Fresh universal-hash v0.5.1
       Fresh js_option v0.2.0
       Fresh bitmaps v3.2.1
       Fresh siphasher v1.0.2
       Fresh opaque-debug v0.3.1
       Fresh poly1305 v0.8.0
       Fresh ruma-events v0.32.1
       Fresh imbl-sized-chunks v0.1.3
       Fresh curve25519-dalek v4.1.3
       Fresh ar_archive_writer v0.5.1
       Fresh async-compression v0.4.39
       Fresh chacha20 v0.9.1
       Fresh serde_urlencoded v0.7.1
       Fresh rand_xoshiro v0.7.0
       Fresh arrayvec v0.7.6
       Fresh aead v0.5.2
       Fresh pin-project-internal v1.1.10
       Fresh thiserror-impl v1.0.69
       Fresh date_header v1.0.5
       Fresh signature v2.2.0
       Fresh unicase v2.9.0
       Fresh assign v1.1.1
       Fresh lazy_static v1.5.0
       Fresh maplit v1.0.2
       Fresh archery v1.2.2
       Fresh iri-string v0.7.10
       Fresh ed25519 v2.2.3
       Fresh imbl v6.1.0
       Fresh mime_guess v2.0.5
       Fresh ruma-client-api v0.22.1
       Fresh pin-project v1.1.10
       Fresh chacha20poly1305 v0.10.1
       Fresh tower-http v0.6.8
       Fresh thiserror v1.0.69
       Fresh hyper-rustls v0.27.7
       Fresh matrix-pickle-derive v0.2.2
       Fresh prost-derive v0.13.5
       Fresh rmp v0.8.15
       Fresh sha1 v0.10.6
       Fresh futures-executor v0.3.32
       Fresh include_dir_macros v0.7.4
       Fresh serde_bytes v0.11.19
       Fresh fastrand v2.3.0
       Fresh data-encoding v2.10.0
       Fresh scopeguard v1.2.0
       Fresh unicode-bidi v0.3.18
       Fresh parking v2.2.1
       Fresh utf-8 v0.7.6
       Fresh unicode-properties v0.1.4
       Fresh include_dir v0.7.4
       Fresh lock_api v0.4.14
       Fresh event-listener v5.4.1
       Fresh stringprep v0.1.5
       Fresh rmp-serde v1.3.1
       Fresh matrix-pickle v0.2.2
       Fresh reqwest v0.12.28
       Fresh prost v0.13.5
       Fresh ed25519-dalek v2.2.0
       Fresh eyeball-im v0.8.0
       Fresh parking_lot_core v0.9.12
       Fresh ruma v0.14.1
       Fresh x25519-dalek v2.0.1
       Fresh aes v0.8.4
       Fresh cbc v0.1.2
       Fresh pbkdf2 v0.12.2
       Fresh hkdf v0.12.4
       Fresh prost-derive v0.14.3
       Fresh itertools v0.10.5
       Fresh opentelemetry v0.31.0
       Fresh md-5 v0.10.6
       Fresh readlock-tokio v0.1.6
       Fresh either v1.15.0
       Fresh constant_time_eq v0.4.2
       Fresh vcpkg v0.2.15
       Fresh option-ext v0.2.0
       Fresh pkg-config v0.3.32
       Fresh readlock v0.1.11
       Fresh arrayref v0.3.9
       Fresh base64ct v1.8.3
       Fresh utf8parse v0.2.2
       Fresh linux-raw-sys v0.11.0
       Fresh fallible-iterator v0.2.0
       Fresh rustix v1.1.3
       Fresh blake3 v1.8.3
       Fresh vodozemac v0.9.0
       Fresh anstyle-parse v0.2.7
       Fresh postgres-protocol v0.6.10
       Fresh eyeball v0.8.8
       Fresh itertools v0.14.0
       Fresh dirs-sys v0.5.0
       Fresh prost v0.14.3
       Fresh aquamarine v0.6.0
       Fresh parking_lot v0.12.5
       Fresh matrix-sdk-common v0.16.0
       Fresh event-listener-strategy v0.5.4
       Fresh psm v0.1.30
       Fresh ahash v0.8.12
       Fresh tonic v0.14.4
       Fresh phf_shared v0.13.1
       Fresh ctr v0.9.2
       Fresh ulid v1.2.1
       Fresh serde_path_to_error v0.1.20
       Fresh thread_local v1.1.9
       Fresh foldhash v0.1.5
       Fresh allocator-api2 v0.2.21
       Fresh bs58 v0.5.1
       Fresh minimal-lexical v0.2.1
       Fresh colorchoice v1.0.4
       Fresh anstyle v1.0.13
       Fresh anstyle-query v1.1.5
       Fresh xxhash-rust v0.8.15
       Fresh event-listener v2.5.3
       Fresh is_terminal_polyfill v1.70.2
       Fresh anstream v0.6.21
       Fresh async-channel v1.9.0
       Fresh growable-bloom-filter v2.1.1
       Fresh matrix-sdk-crypto v0.16.0
       Fresh nom v7.1.3
       Fresh tonic-prost v0.14.4
       Fresh phf v0.13.1
       Fresh hashbrown v0.15.5
       Fresh hashbrown v0.14.5
       Fresh stacker v0.1.23
       Fresh async-channel v2.5.0
       Fresh tempfile v3.25.0
       Fresh matrix-sdk-store-encryption v0.16.0
       Fresh decancer v3.3.3
       Fresh postgres-types v0.2.12
       Fresh opentelemetry_sdk v0.31.0
       Fresh tungstenite v0.28.0
       Fresh phf_shared v0.12.1
       Fresh async-stream-impl v0.3.6
       Fresh clap_lex v1.0.0
       Fresh whoami v2.1.1
       Fresh heck v0.5.0
       Fresh winnow v0.7.14
       Fresh unicode-width v0.2.2
       Fresh strsim v0.11.1
       Fresh opentelemetry-proto v0.31.0
       Fresh tokio-tungstenite v0.28.0
       Fresh console v0.16.2
       Fresh toml_parser v1.0.9+spec-1.1.0
       Fresh clap_builder v4.5.59
       Fresh clap_derive v4.5.55
       Fresh phf v0.12.1
       Fresh async-stream v0.3.6
       Fresh tokio-postgres v0.7.16
       Fresh libsqlite3-sys v0.35.0
       Fresh matrix-sdk-base v0.16.0
       Fresh chumsky v0.9.3
       Fresh stop-token v0.7.0
       Fresh imap-proto v0.16.6
       Fresh hashlink v0.10.0
       Fresh fuzzy-matcher v0.3.7
       Fresh oauth2 v5.0.0
       Fresh dirs v6.0.0
       Fresh opentelemetry-http v0.31.0
       Fresh tungstenite v0.24.0
       Fresh backon v1.6.0
       Fresh futures v0.3.32
       Fresh sharded-slab v0.1.7
       Fresh axum-core v0.5.6
       Fresh webpki-roots v0.26.11
       Fresh matchers v0.2.0
       Fresh email-encoding v0.4.1
       Fresh hashify v0.2.7
       Fresh serde_spanned v1.0.4
       Fresh toml_datetime v1.0.0+spec-1.1.0
       Fresh nom v8.0.0
       Fresh language-tags v0.3.2
       Fresh toml_writer v1.0.6+spec-1.1.0
       Fresh self_cell v1.2.2
       Fresh email_address v0.2.9
       Fresh anymap2 v0.13.0
       Fresh fallible-streaming-iterator v0.1.9
       Fresh urlencoding v2.1.3
       Fresh mime2ext v0.1.54
       Fresh matchit v0.8.4
       Fresh nu-ansi-term v0.50.3
       Fresh fallible-iterator v0.3.0
       Fresh shell-words v1.1.1
       Fresh winnow v0.6.26
       Fresh bytesize v2.3.1
       Fresh quoted_printable v0.5.1
       Fresh async-imap v0.11.2
       Fresh lettre v0.11.19
       Fresh axum v0.8.8
       Fresh cron v0.15.0
       Fresh dialoguer v0.12.0
       Fresh matrix-sdk v0.16.0
       Fresh rusqlite v0.37.0
       Fresh tracing-subscriber v0.3.22
       Fresh toml v1.0.2+spec-1.1.0
       Fresh mail-parser v0.11.2
       Fresh tokio-tungstenite v0.24.0
       Fresh anyhow v1.0.101
       Fresh shellexpand v3.1.1
       Fresh opentelemetry-otlp v0.31.0
       Fresh prometheus v0.14.0
       Fresh postgres v0.19.12
       Fresh chrono-tz v0.10.4
       Fresh clap v4.5.59
       Fresh directories v6.0.0
       Fresh hostname v0.4.2
       Fresh glob v0.3.3
       Fresh hex v0.4.3
       Fresh zeroclaw v0.1.0 (/data/data/com.termux/files/home/zeroclaw)
warning: unused import: `traits::Peripheral`
  --> src/peripherals/mod.rs:27:9
   |
27 | pub use traits::Peripheral;
   |         ^^^^^^^^^^^^^^^^^^
   |
   = note: `#[warn(unused_imports)]` (part of `#[warn(unused)]`) on by default

warning: unused import: `hardware_board_info::HardwareBoardInfoTool`
  --> src/tools/mod.rs:44:9
   |
44 | pub use hardware_board_info::HardwareBoardInfoTool;
   |         ^^^^^^^^^^^^^^^^^^^^^^^^^^^^^^^^^^^^^^^^^^

warning: unused import: `hardware_memory_map::HardwareMemoryMapTool`
  --> src/tools/mod.rs:45:9
   |
45 | pub use hardware_memory_map::HardwareMemoryMapTool;
   |         ^^^^^^^^^^^^^^^^^^^^^^^^^^^^^^^^^^^^^^^^^^

warning: unused import: `hardware_memory_read::HardwareMemoryReadTool`
  --> src/tools/mod.rs:46:9
   |
46 | pub use hardware_memory_read::HardwareMemoryReadTool;
   |         ^^^^^^^^^^^^^^^^^^^^^^^^^^^^^^^^^^^^^^^^^^^^

warning: `zeroclaw` (bin "zeroclaw") generated 4 warnings (run `cargo fix --bin "zeroclaw" -p zeroclaw` to apply 4 suggestions)
    Finished `release` profile [optimized] target(s) in 4.23s
